Creando cliente...
Cliente creado: 22
Token: 6f07c777-e71e-4ae7-87d8-a260aa4e40e2
node.exe : C:\Users\equipo\De
sktop\AI8Digital (Community) 
(2)\AI8Digital (Community) (6
)\server\node_modules\@prisma
\client\src\runtime\RequestHa
ndler.ts:228
En línea: 1 Carácter: 1
+ & "C:\Program 
Files\nodejs/node.exe" 
"C:\Program 
Files\nodejs/node_mo ...
+ ~~~~~~~~~~~~~~~~~~~~~~~~~~~
~~~~~~~~~~~~~~~~~~~~~~~~~~~~~
~~~~~~~~~~~~~
    + CategoryInfo           
   : NotSpecified: (C:\User  
  s\equipo...tHandler.ts:2   
 28:String) [], RemoteExc    
eption
    + FullyQualifiedErrorId  
   : NativeCommandError
 
      throw new PrismaClientK
nownRequestError(message, {
            ^
PrismaClientKnownRequestError
: 
Invalid 
`prisma.usuario.create()` 
invocation in
C:\Users\equipo\Desktop\AI8Di
gital (Community) 
(2)\AI8Digital (Community) (6
)\server\test_full_flow.ts:19
:26

  16 let tokenActivacion = 
crypto.randomUUID();
  17 console.log("Token:", 
tokenActivacion);
  18 
ÔåÆ 19 await 
prisma.usuario.create(
Unique constraint failed on 
the constraint: `dbo.usuario`
    at ei.handleRequestError 
(C:\Users\equipo\Desktop\AI8D
igital (Community) 
(2)\AI8Digital (Community) (6
)\server\node_modules\@prisma
\client\src\runtime\RequestHa
ndler.ts:228:13)
    at 
ei.handleAndLogRequestError (
C:\Users\equipo\Desktop\AI8Di
gital (Community) 
(2)\AI8Digital (Community) (6
)\server\node_modules\@prisma
\client\src\runtime\RequestHa
ndler.ts:174:12)
    at ei.request (C:\Users\e
quipo\Desktop\AI8Digital 
(Community) (2)\AI8Digital 
(Community) (6)\server\node_m
odules\@prisma\client\src\run
time\RequestHandler.ts:143:12
)
    at async a (C:\Users\equi
po\Desktop\AI8Digital 
(Community) (2)\AI8Digital 
(Community) (6)\server\node_m
odules\@prisma\client\src\run
time\getPrismaClient.ts:833:2
4)
    at async 
testCreateClient (C:\Users\eq
uipo\Desktop\AI8Digital 
(Community) (2)\AI8Digital 
(Community) (6)\server\test_f
ull_flow.ts:19:5) {
  code: 'P2002',
  meta: { modelName: 
'usuario', target: 
'dbo.usuario' },
  clientVersion: '6.19.2'
}
